=== Running crawler at Sat Dec  6 17:52:30 PST 2025 ===
Using Python: /Users/jasonqiu/EE547_NBA_Project/venv/bin/python
PWD: /Users/jasonqiu/EE547_NBA_Project
[time] ET today=2025-12-06, yesterday=2025-12-05
[player logs] season=2025-26, date=12/05/2025 (ET) ...
[player logs] Raw rows: 269
[player logs] Saving to /Users/jasonqiu/EE547_NBA_Project/data/player_logs_daily_20251205.csv
[upload] /Users/jasonqiu/EE547_NBA_Project/data/player_logs_daily_20251205.csv -> s3://ee547-nba-project/datasets/nba_project/raw/player_logs_daily_20251205.csv
[games-from-players] built 12 games
[games] Saving yesterday games to /Users/jasonqiu/EE547_NBA_Project/data/games_yesterday_20251205.csv
[upload] /Users/jasonqiu/EE547_NBA_Project/data/games_yesterday_20251205.csv -> s3://ee547-nba-project/datasets/nba_project/raw/games_yesterday_20251205.csv
[schedule] Fetching schedule for 12/06/2025 (ET) ...
[schedule] GameHeader rows=7
[schedule] Saving schedule for 2025-12-06 to /Users/jasonqiu/EE547_NBA_Project/data/schedule_20251206.csv
[upload] /Users/jasonqiu/EE547_NBA_Project/data/schedule_20251206.csv -> s3://ee547-nba-project/datasets/nba_project/raw/schedule_20251206.csv
[schedule] Fetching schedule for 12/07/2025 (ET) ...
[schedule] GameHeader rows=7
[schedule] Saving schedule for 2025-12-07 to /Users/jasonqiu/EE547_NBA_Project/data/schedule_20251207.csv
[upload] /Users/jasonqiu/EE547_NBA_Project/data/schedule_20251207.csv -> s3://ee547-nba-project/datasets/nba_project/raw/schedule_20251207.csv
[schedule] Fetching schedule for 12/08/2025 (ET) ...
[schedule] GameHeader rows=3
[schedule] Saving schedule for 2025-12-08 to /Users/jasonqiu/EE547_NBA_Project/data/schedule_20251208.csv
[upload] /Users/jasonqiu/EE547_NBA_Project/data/schedule_20251208.csv -> s3://ee547-nba-project/datasets/nba_project/raw/schedule_20251208.csv
[schedule] Fetching schedule for 12/09/2025 (ET) ...
[schedule] GameHeader rows=2
Traceback (most recent call last):
  File "/Users/jasonqiu/EE547_NBA_Project/daily_crawl_and_upload.py", line 305, in <module>
    main()
    ~~~~^^
  File "/Users/jasonqiu/EE547_NBA_Project/daily_crawl_and_upload.py", line 290, in main
    df_sched = fetch_schedule_for_date(d)
  File "/Users/jasonqiu/EE547_NBA_Project/daily_crawl_and_upload.py", line 228, in fetch_schedule_for_date
    g["HOME_TEAM"] = g["HOME_TEAM_ID"].astype(int).map(TEAM_ID_TO_ABBR)
                     ~~~~~~~~~~~~~~~~~~~~~~~~^^^^^
  File "/Users/jasonqiu/EE547_NBA_Project/venv/lib/python3.13/site-packages/pandas/core/generic.py", line 6665, in astype
    new_data = self._mgr.astype(dtype=dtype, copy=copy, errors=errors)
  File "/Users/jasonqiu/EE547_NBA_Project/venv/lib/python3.13/site-packages/pandas/core/internals/managers.py", line 449, in astype
    return self.apply(
           ~~~~~~~~~~^
        "astype",
        ^^^^^^^^^
    ...<3 lines>...
        using_cow=using_copy_on_write(),
        ^^^^^^^^^^^^^^^^^^^^^^^^^^^^^^^^
    )
    ^
  File "/Users/jasonqiu/EE547_NBA_Project/venv/lib/python3.13/site-packages/pandas/core/internals/managers.py", line 363, in apply
    applied = getattr(b, f)(**kwargs)
  File "/Users/jasonqiu/EE547_NBA_Project/venv/lib/python3.13/site-packages/pandas/core/internals/blocks.py", line 784, in astype
    new_values = astype_array_safe(values, dtype, copy=copy, errors=errors)
  File "/Users/jasonqiu/EE547_NBA_Project/venv/lib/python3.13/site-packages/pandas/core/dtypes/astype.py", line 237, in astype_array_safe
    new_values = astype_array(values, dtype, copy=copy)
  File "/Users/jasonqiu/EE547_NBA_Project/venv/lib/python3.13/site-packages/pandas/core/dtypes/astype.py", line 182, in astype_array
    values = _astype_nansafe(values, dtype, copy=copy)
  File "/Users/jasonqiu/EE547_NBA_Project/venv/lib/python3.13/site-packages/pandas/core/dtypes/astype.py", line 133, in _astype_nansafe
    return arr.astype(dtype, copy=True)
           ~~~~~~~~~~^^^^^^^^^^^^^^^^^^
TypeError: int() argument must be a string, a bytes-like object or a real number, not 'NoneType'
=== Running crawler at Sat Dec  6 18:00:23 PST 2025 ===
Using Python: /Users/jasonqiu/EE547_NBA_Project/venv/bin/python
PWD: /Users/jasonqiu/EE547_NBA_Project
[time] ET today=2025-12-06, yesterday=2025-12-05
[player logs] season=2025-26, date=12/05/2025 (ET) ...
[player logs] Raw rows: 269
[player logs] Saving to /Users/jasonqiu/EE547_NBA_Project/data/player_logs_daily_20251205.csv
[upload] /Users/jasonqiu/EE547_NBA_Project/data/player_logs_daily_20251205.csv -> s3://ee547-nba-project/datasets/nba_project/raw/player_logs_daily_20251205.csv
[games-from-players] built 12 games
[games] Saving yesterday games to /Users/jasonqiu/EE547_NBA_Project/data/games_yesterday_20251205.csv
[upload] /Users/jasonqiu/EE547_NBA_Project/data/games_yesterday_20251205.csv -> s3://ee547-nba-project/datasets/nba_project/raw/games_yesterday_20251205.csv
[schedule] Fetching schedule for 12/06/2025 (ET) ...
[schedule] GameHeader rows=7
[schedule] Saving schedule for 2025-12-06 to /Users/jasonqiu/EE547_NBA_Project/data/schedule_20251206.csv
[upload] /Users/jasonqiu/EE547_NBA_Project/data/schedule_20251206.csv -> s3://ee547-nba-project/datasets/nba_project/raw/schedule_20251206.csv
[schedule] Fetching schedule for 12/07/2025 (ET) ...
[schedule] GameHeader rows=7
[schedule] Saving schedule for 2025-12-07 to /Users/jasonqiu/EE547_NBA_Project/data/schedule_20251207.csv
[upload] /Users/jasonqiu/EE547_NBA_Project/data/schedule_20251207.csv -> s3://ee547-nba-project/datasets/nba_project/raw/schedule_20251207.csv
[schedule] Fetching schedule for 12/08/2025 (ET) ...
[schedule] GameHeader rows=3
[schedule] Saving schedule for 2025-12-08 to /Users/jasonqiu/EE547_NBA_Project/data/schedule_20251208.csv
[upload] /Users/jasonqiu/EE547_NBA_Project/data/schedule_20251208.csv -> s3://ee547-nba-project/datasets/nba_project/raw/schedule_20251208.csv
[schedule] Fetching schedule for 12/09/2025 (ET) ...
[schedule] GameHeader rows=2
Traceback (most recent call last):
  File "/Users/jasonqiu/EE547_NBA_Project/daily_crawl_and_upload.py", line 305, in <module>
    main()
    ~~~~^^
  File "/Users/jasonqiu/EE547_NBA_Project/daily_crawl_and_upload.py", line 290, in main
    df_sched = fetch_schedule_for_date(d)
  File "/Users/jasonqiu/EE547_NBA_Project/daily_crawl_and_upload.py", line 228, in fetch_schedule_for_date
    g["HOME_TEAM"] = g["HOME_TEAM_ID"].astype(int).map(TEAM_ID_TO_ABBR)
                     ~~~~~~~~~~~~~~~~~~~~~~~~^^^^^
  File "/Users/jasonqiu/EE547_NBA_Project/venv/lib/python3.13/site-packages/pandas/core/generic.py", line 6665, in astype
    new_data = self._mgr.astype(dtype=dtype, copy=copy, errors=errors)
  File "/Users/jasonqiu/EE547_NBA_Project/venv/lib/python3.13/site-packages/pandas/core/internals/managers.py", line 449, in astype
    return self.apply(
           ~~~~~~~~~~^
        "astype",
        ^^^^^^^^^
    ...<3 lines>...
        using_cow=using_copy_on_write(),
        ^^^^^^^^^^^^^^^^^^^^^^^^^^^^^^^^
    )
    ^
  File "/Users/jasonqiu/EE547_NBA_Project/venv/lib/python3.13/site-packages/pandas/core/internals/managers.py", line 363, in apply
    applied = getattr(b, f)(**kwargs)
  File "/Users/jasonqiu/EE547_NBA_Project/venv/lib/python3.13/site-packages/pandas/core/internals/blocks.py", line 784, in astype
    new_values = astype_array_safe(values, dtype, copy=copy, errors=errors)
  File "/Users/jasonqiu/EE547_NBA_Project/venv/lib/python3.13/site-packages/pandas/core/dtypes/astype.py", line 237, in astype_array_safe
    new_values = astype_array(values, dtype, copy=copy)
  File "/Users/jasonqiu/EE547_NBA_Project/venv/lib/python3.13/site-packages/pandas/core/dtypes/astype.py", line 182, in astype_array
    values = _astype_nansafe(values, dtype, copy=copy)
  File "/Users/jasonqiu/EE547_NBA_Project/venv/lib/python3.13/site-packages/pandas/core/dtypes/astype.py", line 133, in _astype_nansafe
    return arr.astype(dtype, copy=True)
           ~~~~~~~~~~^^^^^^^^^^^^^^^^^^
TypeError: int() argument must be a string, a bytes-like object or a real number, not 'NoneType'
=== Running crawler at Sat Dec  6 18:11:33 PST 2025 ===
Using Python: /Users/jasonqiu/EE547_NBA_Project/venv/bin/python
PWD: /Users/jasonqiu/EE547_NBA_Project
[time] ET today=2025-12-06, yesterday=2025-12-05
[player logs] season=2025-26, date=12/05/2025 (ET) ...
[player logs] Raw rows: 269
[player logs] Saving to /Users/jasonqiu/EE547_NBA_Project/data/player_logs_daily_20251205.csv
[upload] /Users/jasonqiu/EE547_NBA_Project/data/player_logs_daily_20251205.csv -> s3://ee547-nba-project/datasets/nba_project/raw/player_logs_daily_20251205.csv
[games-from-players] built 12 games
[games] Saving yesterday games to /Users/jasonqiu/EE547_NBA_Project/data/games_yesterday_20251205.csv
[upload] /Users/jasonqiu/EE547_NBA_Project/data/games_yesterday_20251205.csv -> s3://ee547-nba-project/datasets/nba_project/raw/games_yesterday_20251205.csv
[schedule] Fetching schedule for 12/06/2025 (ET) ...
[schedule] GameHeader rows=7
[schedule] Saving schedule for 2025-12-06 to /Users/jasonqiu/EE547_NBA_Project/data/schedule_20251206.csv
[upload] /Users/jasonqiu/EE547_NBA_Project/data/schedule_20251206.csv -> s3://ee547-nba-project/datasets/nba_project/raw/schedule_20251206.csv
[schedule] Fetching schedule for 12/07/2025 (ET) ...
[schedule] GameHeader rows=7
[schedule] Saving schedule for 2025-12-07 to /Users/jasonqiu/EE547_NBA_Project/data/schedule_20251207.csv
[upload] /Users/jasonqiu/EE547_NBA_Project/data/schedule_20251207.csv -> s3://ee547-nba-project/datasets/nba_project/raw/schedule_20251207.csv
[schedule] Fetching schedule for 12/08/2025 (ET) ...
[schedule] GameHeader rows=3
[schedule] Saving schedule for 2025-12-08 to /Users/jasonqiu/EE547_NBA_Project/data/schedule_20251208.csv
[upload] /Users/jasonqiu/EE547_NBA_Project/data/schedule_20251208.csv -> s3://ee547-nba-project/datasets/nba_project/raw/schedule_20251208.csv
[schedule] Fetching schedule for 12/09/2025 (ET) ...
[schedule] GameHeader rows=2
Traceback (most recent call last):
  File "/Users/jasonqiu/EE547_NBA_Project/daily_crawl_and_upload.py", line 305, in <module>
    main()
    ~~~~^^
  File "/Users/jasonqiu/EE547_NBA_Project/daily_crawl_and_upload.py", line 290, in main
    df_sched = fetch_schedule_for_date(d)
  File "/Users/jasonqiu/EE547_NBA_Project/daily_crawl_and_upload.py", line 228, in fetch_schedule_for_date
    g["HOME_TEAM"] = g["HOME_TEAM_ID"].astype(int).map(TEAM_ID_TO_ABBR)
                     ~~~~~~~~~~~~~~~~~~~~~~~~^^^^^
  File "/Users/jasonqiu/EE547_NBA_Project/venv/lib/python3.13/site-packages/pandas/core/generic.py", line 6665, in astype
    new_data = self._mgr.astype(dtype=dtype, copy=copy, errors=errors)
  File "/Users/jasonqiu/EE547_NBA_Project/venv/lib/python3.13/site-packages/pandas/core/internals/managers.py", line 449, in astype
    return self.apply(
           ~~~~~~~~~~^
        "astype",
        ^^^^^^^^^
    ...<3 lines>...
        using_cow=using_copy_on_write(),
        ^^^^^^^^^^^^^^^^^^^^^^^^^^^^^^^^
    )
    ^
  File "/Users/jasonqiu/EE547_NBA_Project/venv/lib/python3.13/site-packages/pandas/core/internals/managers.py", line 363, in apply
    applied = getattr(b, f)(**kwargs)
  File "/Users/jasonqiu/EE547_NBA_Project/venv/lib/python3.13/site-packages/pandas/core/internals/blocks.py", line 784, in astype
    new_values = astype_array_safe(values, dtype, copy=copy, errors=errors)
  File "/Users/jasonqiu/EE547_NBA_Project/venv/lib/python3.13/site-packages/pandas/core/dtypes/astype.py", line 237, in astype_array_safe
    new_values = astype_array(values, dtype, copy=copy)
  File "/Users/jasonqiu/EE547_NBA_Project/venv/lib/python3.13/site-packages/pandas/core/dtypes/astype.py", line 182, in astype_array
    values = _astype_nansafe(values, dtype, copy=copy)
  File "/Users/jasonqiu/EE547_NBA_Project/venv/lib/python3.13/site-packages/pandas/core/dtypes/astype.py", line 133, in _astype_nansafe
    return arr.astype(dtype, copy=True)
           ~~~~~~~~~~^^^^^^^^^^^^^^^^^^
TypeError: int() argument must be a string, a bytes-like object or a real number, not 'NoneType'
=== Running crawler at Sat Dec  6 18:15:00 PST 2025 ===
Using Python: /Users/jasonqiu/EE547_NBA_Project/venv/bin/python
PWD: /Users/jasonqiu/EE547_NBA_Project
[time] ET today=2025-12-06, yesterday=2025-12-05
[player logs] season=2025-26, date=12/05/2025 (ET) ...
[player logs] Raw rows: 269
[player logs] Saving to /Users/jasonqiu/EE547_NBA_Project/data/player_logs_daily_20251205.csv
[upload] /Users/jasonqiu/EE547_NBA_Project/data/player_logs_daily_20251205.csv -> s3://ee547-nba-project/datasets/nba_project/raw/player_logs_daily_20251205.csv
[games-from-players] built 12 games
[games] Saving yesterday games to /Users/jasonqiu/EE547_NBA_Project/data/games_yesterday_20251205.csv
[upload] /Users/jasonqiu/EE547_NBA_Project/data/games_yesterday_20251205.csv -> s3://ee547-nba-project/datasets/nba_project/raw/games_yesterday_20251205.csv
[schedule] Fetching schedule for 12/06/2025 (ET) ...
[schedule] GameHeader rows=7
[schedule] Saving schedule for 2025-12-06 to /Users/jasonqiu/EE547_NBA_Project/data/schedule_20251206.csv
[upload] /Users/jasonqiu/EE547_NBA_Project/data/schedule_20251206.csv -> s3://ee547-nba-project/datasets/nba_project/raw/schedule_20251206.csv
[schedule] Fetching schedule for 12/07/2025 (ET) ...
[schedule] GameHeader rows=7
[schedule] Saving schedule for 2025-12-07 to /Users/jasonqiu/EE547_NBA_Project/data/schedule_20251207.csv
[upload] /Users/jasonqiu/EE547_NBA_Project/data/schedule_20251207.csv -> s3://ee547-nba-project/datasets/nba_project/raw/schedule_20251207.csv
[schedule] Fetching schedule for 12/08/2025 (ET) ...
[schedule] GameHeader rows=3
[schedule] Saving schedule for 2025-12-08 to /Users/jasonqiu/EE547_NBA_Project/data/schedule_20251208.csv
[upload] /Users/jasonqiu/EE547_NBA_Project/data/schedule_20251208.csv -> s3://ee547-nba-project/datasets/nba_project/raw/schedule_20251208.csv
[schedule] Fetching schedule for 12/09/2025 (ET) ...
[schedule] GameHeader rows=2
Traceback (most recent call last):
  File "/Users/jasonqiu/EE547_NBA_Project/daily_crawl_and_upload.py", line 305, in <module>
    main()
    ~~~~^^
  File "/Users/jasonqiu/EE547_NBA_Project/daily_crawl_and_upload.py", line 290, in main
    df_sched = fetch_schedule_for_date(d)
  File "/Users/jasonqiu/EE547_NBA_Project/daily_crawl_and_upload.py", line 228, in fetch_schedule_for_date
    g["HOME_TEAM"] = g["HOME_TEAM_ID"].astype(int).map(TEAM_ID_TO_ABBR)
                     ~~~~~~~~~~~~~~~~~~~~~~~~^^^^^
  File "/Users/jasonqiu/EE547_NBA_Project/venv/lib/python3.13/site-packages/pandas/core/generic.py", line 6665, in astype
    new_data = self._mgr.astype(dtype=dtype, copy=copy, errors=errors)
  File "/Users/jasonqiu/EE547_NBA_Project/venv/lib/python3.13/site-packages/pandas/core/internals/managers.py", line 449, in astype
    return self.apply(
           ~~~~~~~~~~^
        "astype",
        ^^^^^^^^^
    ...<3 lines>...
        using_cow=using_copy_on_write(),
        ^^^^^^^^^^^^^^^^^^^^^^^^^^^^^^^^
    )
    ^
  File "/Users/jasonqiu/EE547_NBA_Project/venv/lib/python3.13/site-packages/pandas/core/internals/managers.py", line 363, in apply
    applied = getattr(b, f)(**kwargs)
  File "/Users/jasonqiu/EE547_NBA_Project/venv/lib/python3.13/site-packages/pandas/core/internals/blocks.py", line 784, in astype
    new_values = astype_array_safe(values, dtype, copy=copy, errors=errors)
  File "/Users/jasonqiu/EE547_NBA_Project/venv/lib/python3.13/site-packages/pandas/core/dtypes/astype.py", line 237, in astype_array_safe
    new_values = astype_array(values, dtype, copy=copy)
  File "/Users/jasonqiu/EE547_NBA_Project/venv/lib/python3.13/site-packages/pandas/core/dtypes/astype.py", line 182, in astype_array
    values = _astype_nansafe(values, dtype, copy=copy)
  File "/Users/jasonqiu/EE547_NBA_Project/venv/lib/python3.13/site-packages/pandas/core/dtypes/astype.py", line 133, in _astype_nansafe
    return arr.astype(dtype, copy=True)
           ~~~~~~~~~~^^^^^^^^^^^^^^^^^^
TypeError: int() argument must be a string, a bytes-like object or a real number, not 'NoneType'
=== Running crawler at Sat Dec  6 18:20:00 PST 2025 ===
Using Python: /Users/jasonqiu/EE547_NBA_Project/venv/bin/python
PWD: /Users/jasonqiu/EE547_NBA_Project
[time] ET today=2025-12-06, yesterday=2025-12-05
[player logs] season=2025-26, date=12/05/2025 (ET) ...
[player logs] Raw rows: 269
[player logs] Saving to /Users/jasonqiu/EE547_NBA_Project/data/player_logs_daily_20251205.csv
[upload] /Users/jasonqiu/EE547_NBA_Project/data/player_logs_daily_20251205.csv -> s3://ee547-nba-project/datasets/nba_project/raw/player_logs_daily_20251205.csv
[games-from-players] built 12 games
[games] Saving yesterday games to /Users/jasonqiu/EE547_NBA_Project/data/games_yesterday_20251205.csv
[upload] /Users/jasonqiu/EE547_NBA_Project/data/games_yesterday_20251205.csv -> s3://ee547-nba-project/datasets/nba_project/raw/games_yesterday_20251205.csv
[schedule] Fetching schedule for 12/06/2025 (ET) ...
[schedule] GameHeader rows=7
[schedule] Saving schedule for 2025-12-06 to /Users/jasonqiu/EE547_NBA_Project/data/schedule_20251206.csv
[upload] /Users/jasonqiu/EE547_NBA_Project/data/schedule_20251206.csv -> s3://ee547-nba-project/datasets/nba_project/raw/schedule_20251206.csv
[schedule] Fetching schedule for 12/07/2025 (ET) ...
[schedule] GameHeader rows=7
[schedule] Saving schedule for 2025-12-07 to /Users/jasonqiu/EE547_NBA_Project/data/schedule_20251207.csv
[upload] /Users/jasonqiu/EE547_NBA_Project/data/schedule_20251207.csv -> s3://ee547-nba-project/datasets/nba_project/raw/schedule_20251207.csv
[schedule] Fetching schedule for 12/08/2025 (ET) ...
[schedule] GameHeader rows=3
[schedule] Saving schedule for 2025-12-08 to /Users/jasonqiu/EE547_NBA_Project/data/schedule_20251208.csv
[upload] /Users/jasonqiu/EE547_NBA_Project/data/schedule_20251208.csv -> s3://ee547-nba-project/datasets/nba_project/raw/schedule_20251208.csv
[schedule] Fetching schedule for 12/09/2025 (ET) ...
[schedule] GameHeader rows=2
Traceback (most recent call last):
  File "/Users/jasonqiu/EE547_NBA_Project/daily_crawl_and_upload.py", line 305, in <module>
    main()
    ~~~~^^
  File "/Users/jasonqiu/EE547_NBA_Project/daily_crawl_and_upload.py", line 290, in main
    df_sched = fetch_schedule_for_date(d)
  File "/Users/jasonqiu/EE547_NBA_Project/daily_crawl_and_upload.py", line 228, in fetch_schedule_for_date
    g["HOME_TEAM"] = g["HOME_TEAM_ID"].astype(int).map(TEAM_ID_TO_ABBR)
                     ~~~~~~~~~~~~~~~~~~~~~~~~^^^^^
  File "/Users/jasonqiu/EE547_NBA_Project/venv/lib/python3.13/site-packages/pandas/core/generic.py", line 6665, in astype
    new_data = self._mgr.astype(dtype=dtype, copy=copy, errors=errors)
  File "/Users/jasonqiu/EE547_NBA_Project/venv/lib/python3.13/site-packages/pandas/core/internals/managers.py", line 449, in astype
    return self.apply(
           ~~~~~~~~~~^
        "astype",
        ^^^^^^^^^
    ...<3 lines>...
        using_cow=using_copy_on_write(),
        ^^^^^^^^^^^^^^^^^^^^^^^^^^^^^^^^
    )
    ^
  File "/Users/jasonqiu/EE547_NBA_Project/venv/lib/python3.13/site-packages/pandas/core/internals/managers.py", line 363, in apply
    applied = getattr(b, f)(**kwargs)
  File "/Users/jasonqiu/EE547_NBA_Project/venv/lib/python3.13/site-packages/pandas/core/internals/blocks.py", line 784, in astype
    new_values = astype_array_safe(values, dtype, copy=copy, errors=errors)
  File "/Users/jasonqiu/EE547_NBA_Project/venv/lib/python3.13/site-packages/pandas/core/dtypes/astype.py", line 237, in astype_array_safe
    new_values = astype_array(values, dtype, copy=copy)
  File "/Users/jasonqiu/EE547_NBA_Project/venv/lib/python3.13/site-packages/pandas/core/dtypes/astype.py", line 182, in astype_array
    values = _astype_nansafe(values, dtype, copy=copy)
  File "/Users/jasonqiu/EE547_NBA_Project/venv/lib/python3.13/site-packages/pandas/core/dtypes/astype.py", line 133, in _astype_nansafe
    return arr.astype(dtype, copy=True)
           ~~~~~~~~~~^^^^^^^^^^^^^^^^^^
TypeError: int() argument must be a string, a bytes-like object or a real number, not 'NoneType'
=== Running crawler at Sat Dec  6 18:25:00 PST 2025 ===
Using Python: /Users/jasonqiu/EE547_NBA_Project/venv/bin/python
PWD: /Users/jasonqiu/EE547_NBA_Project
[time] ET today=2025-12-06, yesterday=2025-12-05
[player logs] season=2025-26, date=12/05/2025 (ET) ...
[player logs] Raw rows: 269
[player logs] Saving to /Users/jasonqiu/EE547_NBA_Project/data/player_logs_daily_20251205.csv
[upload] /Users/jasonqiu/EE547_NBA_Project/data/player_logs_daily_20251205.csv -> s3://ee547-nba-project/datasets/nba_project/raw/player_logs_daily_20251205.csv
[games-from-players] built 12 games
[games] Saving yesterday games to /Users/jasonqiu/EE547_NBA_Project/data/games_yesterday_20251205.csv
[upload] /Users/jasonqiu/EE547_NBA_Project/data/games_yesterday_20251205.csv -> s3://ee547-nba-project/datasets/nba_project/raw/games_yesterday_20251205.csv
[schedule] Fetching schedule for 12/06/2025 (ET) ...
[schedule] GameHeader rows=7
[schedule] Saving schedule for 2025-12-06 to /Users/jasonqiu/EE547_NBA_Project/data/schedule_20251206.csv
[upload] /Users/jasonqiu/EE547_NBA_Project/data/schedule_20251206.csv -> s3://ee547-nba-project/datasets/nba_project/raw/schedule_20251206.csv
[schedule] Fetching schedule for 12/07/2025 (ET) ...
[schedule] GameHeader rows=7
[schedule] Saving schedule for 2025-12-07 to /Users/jasonqiu/EE547_NBA_Project/data/schedule_20251207.csv
[upload] /Users/jasonqiu/EE547_NBA_Project/data/schedule_20251207.csv -> s3://ee547-nba-project/datasets/nba_project/raw/schedule_20251207.csv
[schedule] Fetching schedule for 12/08/2025 (ET) ...
[schedule] GameHeader rows=3
[schedule] Saving schedule for 2025-12-08 to /Users/jasonqiu/EE547_NBA_Project/data/schedule_20251208.csv
[upload] /Users/jasonqiu/EE547_NBA_Project/data/schedule_20251208.csv -> s3://ee547-nba-project/datasets/nba_project/raw/schedule_20251208.csv
[schedule] Fetching schedule for 12/09/2025 (ET) ...
[schedule] GameHeader rows=2
Traceback (most recent call last):
  File "/Users/jasonqiu/EE547_NBA_Project/daily_crawl_and_upload.py", line 305, in <module>
    main()
    ~~~~^^
  File "/Users/jasonqiu/EE547_NBA_Project/daily_crawl_and_upload.py", line 290, in main
    df_sched = fetch_schedule_for_date(d)
  File "/Users/jasonqiu/EE547_NBA_Project/daily_crawl_and_upload.py", line 228, in fetch_schedule_for_date
    g["HOME_TEAM"] = g["HOME_TEAM_ID"].astype(int).map(TEAM_ID_TO_ABBR)
                     ~~~~~~~~~~~~~~~~~~~~~~~~^^^^^
  File "/Users/jasonqiu/EE547_NBA_Project/venv/lib/python3.13/site-packages/pandas/core/generic.py", line 6665, in astype
    new_data = self._mgr.astype(dtype=dtype, copy=copy, errors=errors)
  File "/Users/jasonqiu/EE547_NBA_Project/venv/lib/python3.13/site-packages/pandas/core/internals/managers.py", line 449, in astype
    return self.apply(
           ~~~~~~~~~~^
        "astype",
        ^^^^^^^^^
    ...<3 lines>...
        using_cow=using_copy_on_write(),
        ^^^^^^^^^^^^^^^^^^^^^^^^^^^^^^^^
    )
    ^
  File "/Users/jasonqiu/EE547_NBA_Project/venv/lib/python3.13/site-packages/pandas/core/internals/managers.py", line 363, in apply
    applied = getattr(b, f)(**kwargs)
  File "/Users/jasonqiu/EE547_NBA_Project/venv/lib/python3.13/site-packages/pandas/core/internals/blocks.py", line 784, in astype
    new_values = astype_array_safe(values, dtype, copy=copy, errors=errors)
  File "/Users/jasonqiu/EE547_NBA_Project/venv/lib/python3.13/site-packages/pandas/core/dtypes/astype.py", line 237, in astype_array_safe
    new_values = astype_array(values, dtype, copy=copy)
  File "/Users/jasonqiu/EE547_NBA_Project/venv/lib/python3.13/site-packages/pandas/core/dtypes/astype.py", line 182, in astype_array
    values = _astype_nansafe(values, dtype, copy=copy)
  File "/Users/jasonqiu/EE547_NBA_Project/venv/lib/python3.13/site-packages/pandas/core/dtypes/astype.py", line 133, in _astype_nansafe
    return arr.astype(dtype, copy=True)
           ~~~~~~~~~~^^^^^^^^^^^^^^^^^^
TypeError: int() argument must be a string, a bytes-like object or a real number, not 'NoneType'
=== Running crawler at Sat Dec  6 18:30:00 PST 2025 ===
Using Python: /Users/jasonqiu/EE547_NBA_Project/venv/bin/python
PWD: /Users/jasonqiu/EE547_NBA_Project
[time] ET today=2025-12-06, yesterday=2025-12-05
[player logs] season=2025-26, date=12/05/2025 (ET) ...
[player logs] Raw rows: 269
[player logs] Saving to /Users/jasonqiu/EE547_NBA_Project/data/player_logs_daily_20251205.csv
[upload] /Users/jasonqiu/EE547_NBA_Project/data/player_logs_daily_20251205.csv -> s3://ee547-nba-project/datasets/nba_project/raw/player_logs_daily_20251205.csv
[games-from-players] built 12 games
[games] Saving yesterday games to /Users/jasonqiu/EE547_NBA_Project/data/games_yesterday_20251205.csv
[upload] /Users/jasonqiu/EE547_NBA_Project/data/games_yesterday_20251205.csv -> s3://ee547-nba-project/datasets/nba_project/raw/games_yesterday_20251205.csv
[schedule] Fetching schedule for 12/06/2025 (ET) ...
[schedule] GameHeader rows=7
[schedule] Saving schedule for 2025-12-06 to /Users/jasonqiu/EE547_NBA_Project/data/schedule_20251206.csv
[upload] /Users/jasonqiu/EE547_NBA_Project/data/schedule_20251206.csv -> s3://ee547-nba-project/datasets/nba_project/raw/schedule_20251206.csv
[schedule] Fetching schedule for 12/07/2025 (ET) ...
[schedule] GameHeader rows=7
[schedule] Saving schedule for 2025-12-07 to /Users/jasonqiu/EE547_NBA_Project/data/schedule_20251207.csv
[upload] /Users/jasonqiu/EE547_NBA_Project/data/schedule_20251207.csv -> s3://ee547-nba-project/datasets/nba_project/raw/schedule_20251207.csv
[schedule] Fetching schedule for 12/08/2025 (ET) ...
[schedule] GameHeader rows=3
[schedule] Saving schedule for 2025-12-08 to /Users/jasonqiu/EE547_NBA_Project/data/schedule_20251208.csv
[upload] /Users/jasonqiu/EE547_NBA_Project/data/schedule_20251208.csv -> s3://ee547-nba-project/datasets/nba_project/raw/schedule_20251208.csv
[schedule] Fetching schedule for 12/09/2025 (ET) ...
[schedule] GameHeader rows=2
Traceback (most recent call last):
  File "/Users/jasonqiu/EE547_NBA_Project/daily_crawl_and_upload.py", line 305, in <module>
    main()
    ~~~~^^
  File "/Users/jasonqiu/EE547_NBA_Project/daily_crawl_and_upload.py", line 290, in main
    df_sched = fetch_schedule_for_date(d)
  File "/Users/jasonqiu/EE547_NBA_Project/daily_crawl_and_upload.py", line 228, in fetch_schedule_for_date
    g["HOME_TEAM"] = g["HOME_TEAM_ID"].astype(int).map(TEAM_ID_TO_ABBR)
                     ~~~~~~~~~~~~~~~~~~~~~~~~^^^^^
  File "/Users/jasonqiu/EE547_NBA_Project/venv/lib/python3.13/site-packages/pandas/core/generic.py", line 6665, in astype
    new_data = self._mgr.astype(dtype=dtype, copy=copy, errors=errors)
  File "/Users/jasonqiu/EE547_NBA_Project/venv/lib/python3.13/site-packages/pandas/core/internals/managers.py", line 449, in astype
    return self.apply(
           ~~~~~~~~~~^
        "astype",
        ^^^^^^^^^
    ...<3 lines>...
        using_cow=using_copy_on_write(),
        ^^^^^^^^^^^^^^^^^^^^^^^^^^^^^^^^
    )
    ^
  File "/Users/jasonqiu/EE547_NBA_Project/venv/lib/python3.13/site-packages/pandas/core/internals/managers.py", line 363, in apply
    applied = getattr(b, f)(**kwargs)
  File "/Users/jasonqiu/EE547_NBA_Project/venv/lib/python3.13/site-packages/pandas/core/internals/blocks.py", line 784, in astype
    new_values = astype_array_safe(values, dtype, copy=copy, errors=errors)
  File "/Users/jasonqiu/EE547_NBA_Project/venv/lib/python3.13/site-packages/pandas/core/dtypes/astype.py", line 237, in astype_array_safe
    new_values = astype_array(values, dtype, copy=copy)
  File "/Users/jasonqiu/EE547_NBA_Project/venv/lib/python3.13/site-packages/pandas/core/dtypes/astype.py", line 182, in astype_array
    values = _astype_nansafe(values, dtype, copy=copy)
  File "/Users/jasonqiu/EE547_NBA_Project/venv/lib/python3.13/site-packages/pandas/core/dtypes/astype.py", line 133, in _astype_nansafe
    return arr.astype(dtype, copy=True)
           ~~~~~~~~~~^^^^^^^^^^^^^^^^^^
TypeError: int() argument must be a string, a bytes-like object or a real number, not 'NoneType'
=== Running crawler at Sat Dec  6 18:35:00 PST 2025 ===
Using Python: /Users/jasonqiu/EE547_NBA_Project/venv/bin/python
PWD: /Users/jasonqiu/EE547_NBA_Project
[time] ET today=2025-12-06, yesterday=2025-12-05
[player logs] season=2025-26, date=12/05/2025 (ET) ...
[player logs] Raw rows: 269
[player logs] Saving to /Users/jasonqiu/EE547_NBA_Project/data/player_logs_daily_20251205.csv
[upload] /Users/jasonqiu/EE547_NBA_Project/data/player_logs_daily_20251205.csv -> s3://ee547-nba-project/datasets/nba_project/raw/player_logs_daily_20251205.csv
[games-from-players] built 12 games
[games] Saving yesterday games to /Users/jasonqiu/EE547_NBA_Project/data/games_yesterday_20251205.csv
[upload] /Users/jasonqiu/EE547_NBA_Project/data/games_yesterday_20251205.csv -> s3://ee547-nba-project/datasets/nba_project/raw/games_yesterday_20251205.csv
[schedule] Fetching schedule for 12/06/2025 (ET) ...
[schedule] GameHeader rows=7
[schedule] Saving schedule for 2025-12-06 to /Users/jasonqiu/EE547_NBA_Project/data/schedule_20251206.csv
[upload] /Users/jasonqiu/EE547_NBA_Project/data/schedule_20251206.csv -> s3://ee547-nba-project/datasets/nba_project/raw/schedule_20251206.csv
[schedule] Fetching schedule for 12/07/2025 (ET) ...
[schedule] GameHeader rows=7
[schedule] Saving schedule for 2025-12-07 to /Users/jasonqiu/EE547_NBA_Project/data/schedule_20251207.csv
[upload] /Users/jasonqiu/EE547_NBA_Project/data/schedule_20251207.csv -> s3://ee547-nba-project/datasets/nba_project/raw/schedule_20251207.csv
[schedule] Fetching schedule for 12/08/2025 (ET) ...
[schedule] GameHeader rows=3
[schedule] Saving schedule for 2025-12-08 to /Users/jasonqiu/EE547_NBA_Project/data/schedule_20251208.csv
[upload] /Users/jasonqiu/EE547_NBA_Project/data/schedule_20251208.csv -> s3://ee547-nba-project/datasets/nba_project/raw/schedule_20251208.csv
[schedule] Fetching schedule for 12/09/2025 (ET) ...
[schedule] GameHeader rows=2
[schedule] All games are NBA Cup / TBD / invalid teams -> treat as no games.
[schedule] Saving schedule for 2025-12-09 to /Users/jasonqiu/EE547_NBA_Project/data/schedule_20251209.csv
[upload] /Users/jasonqiu/EE547_NBA_Project/data/schedule_20251209.csv -> s3://ee547-nba-project/datasets/nba_project/raw/schedule_20251209.csv
[schedule] Fetching schedule for 12/10/2025 (ET) ...
[schedule] GameHeader rows=2
[schedule] All games are NBA Cup / TBD / invalid teams -> treat as no games.
[schedule] Saving schedule for 2025-12-10 to /Users/jasonqiu/EE547_NBA_Project/data/schedule_20251210.csv
[upload] /Users/jasonqiu/EE547_NBA_Project/data/schedule_20251210.csv -> s3://ee547-nba-project/datasets/nba_project/raw/schedule_20251210.csv
Done daily crawl: player logs + yesterday games + next 5 days schedule (ET-based).
=== Running crawler at Sat Dec  6 18:40:00 PST 2025 ===
Using Python: /Users/jasonqiu/EE547_NBA_Project/venv/bin/python
PWD: /Users/jasonqiu/EE547_NBA_Project
[time] ET today=2025-12-06, yesterday=2025-12-05
[player logs] season=2025-26, date=12/05/2025 (ET) ...
[player logs] Raw rows: 269
[player logs] Saving to /Users/jasonqiu/EE547_NBA_Project/data/player_logs_daily_20251205.csv
[upload] /Users/jasonqiu/EE547_NBA_Project/data/player_logs_daily_20251205.csv -> s3://ee547-nba-project/datasets/nba_project/raw/player_logs_daily_20251205.csv
[games-from-players] built 12 games
[games] Saving yesterday games to /Users/jasonqiu/EE547_NBA_Project/data/games_yesterday_20251205.csv
[upload] /Users/jasonqiu/EE547_NBA_Project/data/games_yesterday_20251205.csv -> s3://ee547-nba-project/datasets/nba_project/raw/games_yesterday_20251205.csv
[schedule] Fetching schedule for 12/06/2025 (ET) ...
[schedule] GameHeader rows=7
[schedule] Saving schedule for 2025-12-06 to /Users/jasonqiu/EE547_NBA_Project/data/schedule_20251206.csv
[upload] /Users/jasonqiu/EE547_NBA_Project/data/schedule_20251206.csv -> s3://ee547-nba-project/datasets/nba_project/raw/schedule_20251206.csv
[schedule] Fetching schedule for 12/07/2025 (ET) ...
[schedule] GameHeader rows=7
[schedule] Saving schedule for 2025-12-07 to /Users/jasonqiu/EE547_NBA_Project/data/schedule_20251207.csv
[upload] /Users/jasonqiu/EE547_NBA_Project/data/schedule_20251207.csv -> s3://ee547-nba-project/datasets/nba_project/raw/schedule_20251207.csv
[schedule] Fetching schedule for 12/08/2025 (ET) ...
[schedule] GameHeader rows=3
[schedule] Saving schedule for 2025-12-08 to /Users/jasonqiu/EE547_NBA_Project/data/schedule_20251208.csv
[upload] /Users/jasonqiu/EE547_NBA_Project/data/schedule_20251208.csv -> s3://ee547-nba-project/datasets/nba_project/raw/schedule_20251208.csv
[schedule] Fetching schedule for 12/09/2025 (ET) ...
[schedule] GameHeader rows=2
[schedule] All games are NBA Cup / TBD / invalid teams -> treat as no games.
[schedule] Saving schedule for 2025-12-09 to /Users/jasonqiu/EE547_NBA_Project/data/schedule_20251209.csv
[upload] /Users/jasonqiu/EE547_NBA_Project/data/schedule_20251209.csv -> s3://ee547-nba-project/datasets/nba_project/raw/schedule_20251209.csv
[schedule] Fetching schedule for 12/10/2025 (ET) ...
[schedule] GameHeader rows=2
[schedule] All games are NBA Cup / TBD / invalid teams -> treat as no games.
[schedule] Saving schedule for 2025-12-10 to /Users/jasonqiu/EE547_NBA_Project/data/schedule_20251210.csv
[upload] /Users/jasonqiu/EE547_NBA_Project/data/schedule_20251210.csv -> s3://ee547-nba-project/datasets/nba_project/raw/schedule_20251210.csv
Done daily crawl: player logs + yesterday games + next 5 days schedule (ET-based).
=== Running crawler at Sat Dec  6 18:45:01 PST 2025 ===
Using Python: /Users/jasonqiu/EE547_NBA_Project/venv/bin/python
PWD: /Users/jasonqiu/EE547_NBA_Project
[time] ET today=2025-12-06, yesterday=2025-12-05
[player logs] season=2025-26, date=12/05/2025 (ET) ...
[player logs] Raw rows: 269
[player logs] Saving to /Users/jasonqiu/EE547_NBA_Project/data/player_logs_daily_20251205.csv
[upload] /Users/jasonqiu/EE547_NBA_Project/data/player_logs_daily_20251205.csv -> s3://ee547-nba-project/datasets/nba_project/raw/player_logs_daily_20251205.csv
[games-from-players] built 12 games
[games] Saving yesterday games to /Users/jasonqiu/EE547_NBA_Project/data/games_yesterday_20251205.csv
[upload] /Users/jasonqiu/EE547_NBA_Project/data/games_yesterday_20251205.csv -> s3://ee547-nba-project/datasets/nba_project/raw/games_yesterday_20251205.csv
[schedule] Fetching schedule for 12/06/2025 (ET) ...
[schedule] GameHeader rows=7
[schedule] Saving schedule for 2025-12-06 to /Users/jasonqiu/EE547_NBA_Project/data/schedule_20251206.csv
[upload] /Users/jasonqiu/EE547_NBA_Project/data/schedule_20251206.csv -> s3://ee547-nba-project/datasets/nba_project/raw/schedule_20251206.csv
[schedule] Fetching schedule for 12/07/2025 (ET) ...
[schedule] GameHeader rows=7
[schedule] Saving schedule for 2025-12-07 to /Users/jasonqiu/EE547_NBA_Project/data/schedule_20251207.csv
[upload] /Users/jasonqiu/EE547_NBA_Project/data/schedule_20251207.csv -> s3://ee547-nba-project/datasets/nba_project/raw/schedule_20251207.csv
[schedule] Fetching schedule for 12/08/2025 (ET) ...
[schedule] GameHeader rows=3
[schedule] Saving schedule for 2025-12-08 to /Users/jasonqiu/EE547_NBA_Project/data/schedule_20251208.csv
[upload] /Users/jasonqiu/EE547_NBA_Project/data/schedule_20251208.csv -> s3://ee547-nba-project/datasets/nba_project/raw/schedule_20251208.csv
[schedule] Fetching schedule for 12/09/2025 (ET) ...
[schedule] GameHeader rows=2
[schedule] All games are NBA Cup / TBD / invalid teams -> treat as no games.
[schedule] Saving schedule for 2025-12-09 to /Users/jasonqiu/EE547_NBA_Project/data/schedule_20251209.csv
[upload] /Users/jasonqiu/EE547_NBA_Project/data/schedule_20251209.csv -> s3://ee547-nba-project/datasets/nba_project/raw/schedule_20251209.csv
[schedule] Fetching schedule for 12/10/2025 (ET) ...
[schedule] GameHeader rows=2
[schedule] All games are NBA Cup / TBD / invalid teams -> treat as no games.
[schedule] Saving schedule for 2025-12-10 to /Users/jasonqiu/EE547_NBA_Project/data/schedule_20251210.csv
[upload] /Users/jasonqiu/EE547_NBA_Project/data/schedule_20251210.csv -> s3://ee547-nba-project/datasets/nba_project/raw/schedule_20251210.csv
Done daily crawl: player logs + yesterday games + next 5 days schedule (ET-based).
=== Running crawler at Sat Dec  6 18:50:00 PST 2025 ===
Using Python: /Users/jasonqiu/EE547_NBA_Project/venv/bin/python
PWD: /Users/jasonqiu/EE547_NBA_Project
[time] ET today=2025-12-06, yesterday=2025-12-05
[player logs] season=2025-26, date=12/05/2025 (ET) ...
[player logs] Raw rows: 269
[player logs] Saving to /Users/jasonqiu/EE547_NBA_Project/data/player_logs_daily_20251205.csv
[upload] /Users/jasonqiu/EE547_NBA_Project/data/player_logs_daily_20251205.csv -> s3://ee547-nba-project/datasets/nba_project/raw/player_logs_daily_20251205.csv
[games-from-players] built 12 games
[games] Saving yesterday games to /Users/jasonqiu/EE547_NBA_Project/data/games_yesterday_20251205.csv
[upload] /Users/jasonqiu/EE547_NBA_Project/data/games_yesterday_20251205.csv -> s3://ee547-nba-project/datasets/nba_project/raw/games_yesterday_20251205.csv
[schedule] Fetching schedule for 12/06/2025 (ET) ...
[schedule] GameHeader rows=7
[schedule] Saving schedule for 2025-12-06 to /Users/jasonqiu/EE547_NBA_Project/data/schedule_20251206.csv
[upload] /Users/jasonqiu/EE547_NBA_Project/data/schedule_20251206.csv -> s3://ee547-nba-project/datasets/nba_project/raw/schedule_20251206.csv
[schedule] Fetching schedule for 12/07/2025 (ET) ...
[schedule] GameHeader rows=7
[schedule] Saving schedule for 2025-12-07 to /Users/jasonqiu/EE547_NBA_Project/data/schedule_20251207.csv
[upload] /Users/jasonqiu/EE547_NBA_Project/data/schedule_20251207.csv -> s3://ee547-nba-project/datasets/nba_project/raw/schedule_20251207.csv
[schedule] Fetching schedule for 12/08/2025 (ET) ...
[schedule] GameHeader rows=3
[schedule] Saving schedule for 2025-12-08 to /Users/jasonqiu/EE547_NBA_Project/data/schedule_20251208.csv
[upload] /Users/jasonqiu/EE547_NBA_Project/data/schedule_20251208.csv -> s3://ee547-nba-project/datasets/nba_project/raw/schedule_20251208.csv
[schedule] Fetching schedule for 12/09/2025 (ET) ...
[schedule] GameHeader rows=2
[schedule] All games are NBA Cup / TBD / invalid teams -> treat as no games.
[schedule] Saving schedule for 2025-12-09 to /Users/jasonqiu/EE547_NBA_Project/data/schedule_20251209.csv
[upload] /Users/jasonqiu/EE547_NBA_Project/data/schedule_20251209.csv -> s3://ee547-nba-project/datasets/nba_project/raw/schedule_20251209.csv
[schedule] Fetching schedule for 12/10/2025 (ET) ...
[schedule] GameHeader rows=2
[schedule] All games are NBA Cup / TBD / invalid teams -> treat as no games.
[schedule] Saving schedule for 2025-12-10 to /Users/jasonqiu/EE547_NBA_Project/data/schedule_20251210.csv
[upload] /Users/jasonqiu/EE547_NBA_Project/data/schedule_20251210.csv -> s3://ee547-nba-project/datasets/nba_project/raw/schedule_20251210.csv
Done daily crawl: player logs + yesterday games + next 5 days schedule (ET-based).
=== Running crawler at Sat Dec  6 18:55:00 PST 2025 ===
Using Python: /Users/jasonqiu/EE547_NBA_Project/venv/bin/python
PWD: /Users/jasonqiu/EE547_NBA_Project
[time] ET today=2025-12-06, yesterday=2025-12-05
[player logs] season=2025-26, date=12/05/2025 (ET) ...
[player logs] Raw rows: 269
[player logs] Saving to /Users/jasonqiu/EE547_NBA_Project/data/player_logs_daily_20251205.csv
[upload] /Users/jasonqiu/EE547_NBA_Project/data/player_logs_daily_20251205.csv -> s3://ee547-nba-project/datasets/nba_project/raw/player_logs_daily_20251205.csv
[games-from-players] built 12 games
[games] Saving yesterday games to /Users/jasonqiu/EE547_NBA_Project/data/games_yesterday_20251205.csv
[upload] /Users/jasonqiu/EE547_NBA_Project/data/games_yesterday_20251205.csv -> s3://ee547-nba-project/datasets/nba_project/raw/games_yesterday_20251205.csv
[schedule] Fetching schedule for 12/06/2025 (ET) ...
[schedule] GameHeader rows=7
[schedule] Saving schedule for 2025-12-06 to /Users/jasonqiu/EE547_NBA_Project/data/schedule_20251206.csv
[upload] /Users/jasonqiu/EE547_NBA_Project/data/schedule_20251206.csv -> s3://ee547-nba-project/datasets/nba_project/raw/schedule_20251206.csv
[schedule] Fetching schedule for 12/07/2025 (ET) ...
[schedule] GameHeader rows=7
[schedule] Saving schedule for 2025-12-07 to /Users/jasonqiu/EE547_NBA_Project/data/schedule_20251207.csv
[upload] /Users/jasonqiu/EE547_NBA_Project/data/schedule_20251207.csv -> s3://ee547-nba-project/datasets/nba_project/raw/schedule_20251207.csv
[schedule] Fetching schedule for 12/08/2025 (ET) ...
[schedule] GameHeader rows=3
[schedule] Saving schedule for 2025-12-08 to /Users/jasonqiu/EE547_NBA_Project/data/schedule_20251208.csv
[upload] /Users/jasonqiu/EE547_NBA_Project/data/schedule_20251208.csv -> s3://ee547-nba-project/datasets/nba_project/raw/schedule_20251208.csv
[schedule] Fetching schedule for 12/09/2025 (ET) ...
[schedule] GameHeader rows=2
[schedule] All games are NBA Cup / TBD / invalid teams -> treat as no games.
[schedule] Saving schedule for 2025-12-09 to /Users/jasonqiu/EE547_NBA_Project/data/schedule_20251209.csv
[upload] /Users/jasonqiu/EE547_NBA_Project/data/schedule_20251209.csv -> s3://ee547-nba-project/datasets/nba_project/raw/schedule_20251209.csv
[schedule] Fetching schedule for 12/10/2025 (ET) ...
[schedule] GameHeader rows=2
[schedule] All games are NBA Cup / TBD / invalid teams -> treat as no games.
[schedule] Saving schedule for 2025-12-10 to /Users/jasonqiu/EE547_NBA_Project/data/schedule_20251210.csv
[upload] /Users/jasonqiu/EE547_NBA_Project/data/schedule_20251210.csv -> s3://ee547-nba-project/datasets/nba_project/raw/schedule_20251210.csv
Done daily crawl: player logs + yesterday games + next 5 days schedule (ET-based).
=== Running crawler at Sat Dec  6 19:00:00 PST 2025 ===
Using Python: /Users/jasonqiu/EE547_NBA_Project/venv/bin/python
PWD: /Users/jasonqiu/EE547_NBA_Project
[time] ET today=2025-12-06, yesterday=2025-12-05
[player logs] season=2025-26, date=12/05/2025 (ET) ...
[player logs] Raw rows: 269
[player logs] Saving to /Users/jasonqiu/EE547_NBA_Project/data/player_logs_daily_20251205.csv
[upload] /Users/jasonqiu/EE547_NBA_Project/data/player_logs_daily_20251205.csv -> s3://ee547-nba-project/datasets/nba_project/raw/player_logs_daily_20251205.csv
[games-from-players] built 12 games
[games] Saving yesterday games to /Users/jasonqiu/EE547_NBA_Project/data/games_yesterday_20251205.csv
[upload] /Users/jasonqiu/EE547_NBA_Project/data/games_yesterday_20251205.csv -> s3://ee547-nba-project/datasets/nba_project/raw/games_yesterday_20251205.csv
[schedule] Fetching schedule for 12/06/2025 (ET) ...
[schedule] GameHeader rows=7
[schedule] Saving schedule for 2025-12-06 to /Users/jasonqiu/EE547_NBA_Project/data/schedule_20251206.csv
[upload] /Users/jasonqiu/EE547_NBA_Project/data/schedule_20251206.csv -> s3://ee547-nba-project/datasets/nba_project/raw/schedule_20251206.csv
[schedule] Fetching schedule for 12/07/2025 (ET) ...
[schedule] GameHeader rows=7
[schedule] Saving schedule for 2025-12-07 to /Users/jasonqiu/EE547_NBA_Project/data/schedule_20251207.csv
[upload] /Users/jasonqiu/EE547_NBA_Project/data/schedule_20251207.csv -> s3://ee547-nba-project/datasets/nba_project/raw/schedule_20251207.csv
[schedule] Fetching schedule for 12/08/2025 (ET) ...
[schedule] GameHeader rows=3
[schedule] Saving schedule for 2025-12-08 to /Users/jasonqiu/EE547_NBA_Project/data/schedule_20251208.csv
[upload] /Users/jasonqiu/EE547_NBA_Project/data/schedule_20251208.csv -> s3://ee547-nba-project/datasets/nba_project/raw/schedule_20251208.csv
[schedule] Fetching schedule for 12/09/2025 (ET) ...
[schedule] GameHeader rows=2
[schedule] All games are NBA Cup / TBD / invalid teams -> treat as no games.
[schedule] Saving schedule for 2025-12-09 to /Users/jasonqiu/EE547_NBA_Project/data/schedule_20251209.csv
[upload] /Users/jasonqiu/EE547_NBA_Project/data/schedule_20251209.csv -> s3://ee547-nba-project/datasets/nba_project/raw/schedule_20251209.csv
[schedule] Fetching schedule for 12/10/2025 (ET) ...
[schedule] GameHeader rows=2
[schedule] All games are NBA Cup / TBD / invalid teams -> treat as no games.
[schedule] Saving schedule for 2025-12-10 to /Users/jasonqiu/EE547_NBA_Project/data/schedule_20251210.csv
[upload] /Users/jasonqiu/EE547_NBA_Project/data/schedule_20251210.csv -> s3://ee547-nba-project/datasets/nba_project/raw/schedule_20251210.csv
Done daily crawl: player logs + yesterday games + next 5 days schedule (ET-based).
=== Running crawler at Sat Dec  6 19:05:00 PST 2025 ===
Using Python: /Users/jasonqiu/EE547_NBA_Project/venv/bin/python
PWD: /Users/jasonqiu/EE547_NBA_Project
[time] ET today=2025-12-06, yesterday=2025-12-05
[player logs] season=2025-26, date=12/05/2025 (ET) ...
[player logs] Raw rows: 269
[player logs] Saving to /Users/jasonqiu/EE547_NBA_Project/data/player_logs_daily_20251205.csv
[upload] /Users/jasonqiu/EE547_NBA_Project/data/player_logs_daily_20251205.csv -> s3://ee547-nba-project/datasets/nba_project/raw/player_logs_daily_20251205.csv
[games-from-players] built 12 games
[games] Saving yesterday games to /Users/jasonqiu/EE547_NBA_Project/data/games_yesterday_20251205.csv
[upload] /Users/jasonqiu/EE547_NBA_Project/data/games_yesterday_20251205.csv -> s3://ee547-nba-project/datasets/nba_project/raw/games_yesterday_20251205.csv
[schedule] Fetching schedule for 12/06/2025 (ET) ...
[schedule] GameHeader rows=7
[schedule] Saving schedule for 2025-12-06 to /Users/jasonqiu/EE547_NBA_Project/data/schedule_20251206.csv
[upload] /Users/jasonqiu/EE547_NBA_Project/data/schedule_20251206.csv -> s3://ee547-nba-project/datasets/nba_project/raw/schedule_20251206.csv
[schedule] Fetching schedule for 12/07/2025 (ET) ...
[schedule] GameHeader rows=7
[schedule] Saving schedule for 2025-12-07 to /Users/jasonqiu/EE547_NBA_Project/data/schedule_20251207.csv
[upload] /Users/jasonqiu/EE547_NBA_Project/data/schedule_20251207.csv -> s3://ee547-nba-project/datasets/nba_project/raw/schedule_20251207.csv
[schedule] Fetching schedule for 12/08/2025 (ET) ...
[schedule] GameHeader rows=3
[schedule] Saving schedule for 2025-12-08 to /Users/jasonqiu/EE547_NBA_Project/data/schedule_20251208.csv
[upload] /Users/jasonqiu/EE547_NBA_Project/data/schedule_20251208.csv -> s3://ee547-nba-project/datasets/nba_project/raw/schedule_20251208.csv
[schedule] Fetching schedule for 12/09/2025 (ET) ...
[schedule] GameHeader rows=2
[schedule] All games are NBA Cup / TBD / invalid teams -> treat as no games.
[schedule] Saving schedule for 2025-12-09 to /Users/jasonqiu/EE547_NBA_Project/data/schedule_20251209.csv
[upload] /Users/jasonqiu/EE547_NBA_Project/data/schedule_20251209.csv -> s3://ee547-nba-project/datasets/nba_project/raw/schedule_20251209.csv
[schedule] Fetching schedule for 12/10/2025 (ET) ...
[schedule] GameHeader rows=2
[schedule] All games are NBA Cup / TBD / invalid teams -> treat as no games.
[schedule] Saving schedule for 2025-12-10 to /Users/jasonqiu/EE547_NBA_Project/data/schedule_20251210.csv
[upload] /Users/jasonqiu/EE547_NBA_Project/data/schedule_20251210.csv -> s3://ee547-nba-project/datasets/nba_project/raw/schedule_20251210.csv
Done daily crawl: player logs + yesterday games + next 5 days schedule (ET-based).
=== Running crawler at Sat Dec  6 19:10:01 PST 2025 ===
Using Python: /Users/jasonqiu/EE547_NBA_Project/venv/bin/python
PWD: /Users/jasonqiu/EE547_NBA_Project
[time] ET today=2025-12-06, yesterday=2025-12-05
[player logs] season=2025-26, date=12/05/2025 (ET) ...
[player logs] Raw rows: 269
[player logs] Saving to /Users/jasonqiu/EE547_NBA_Project/data/player_logs_daily_20251205.csv
[upload] /Users/jasonqiu/EE547_NBA_Project/data/player_logs_daily_20251205.csv -> s3://ee547-nba-project/datasets/nba_project/raw/player_logs_daily_20251205.csv
[games-from-players] built 12 games
[games] Saving yesterday games to /Users/jasonqiu/EE547_NBA_Project/data/games_yesterday_20251205.csv
[upload] /Users/jasonqiu/EE547_NBA_Project/data/games_yesterday_20251205.csv -> s3://ee547-nba-project/datasets/nba_project/raw/games_yesterday_20251205.csv
[schedule] Fetching schedule for 12/06/2025 (ET) ...
[schedule] GameHeader rows=7
[schedule] Saving schedule for 2025-12-06 to /Users/jasonqiu/EE547_NBA_Project/data/schedule_20251206.csv
[upload] /Users/jasonqiu/EE547_NBA_Project/data/schedule_20251206.csv -> s3://ee547-nba-project/datasets/nba_project/raw/schedule_20251206.csv
[schedule] Fetching schedule for 12/07/2025 (ET) ...
[schedule] GameHeader rows=7
[schedule] Saving schedule for 2025-12-07 to /Users/jasonqiu/EE547_NBA_Project/data/schedule_20251207.csv
[upload] /Users/jasonqiu/EE547_NBA_Project/data/schedule_20251207.csv -> s3://ee547-nba-project/datasets/nba_project/raw/schedule_20251207.csv
[schedule] Fetching schedule for 12/08/2025 (ET) ...
[schedule] GameHeader rows=3
[schedule] Saving schedule for 2025-12-08 to /Users/jasonqiu/EE547_NBA_Project/data/schedule_20251208.csv
[upload] /Users/jasonqiu/EE547_NBA_Project/data/schedule_20251208.csv -> s3://ee547-nba-project/datasets/nba_project/raw/schedule_20251208.csv
[schedule] Fetching schedule for 12/09/2025 (ET) ...
[schedule] GameHeader rows=2
[schedule] All games are NBA Cup / TBD / invalid teams -> treat as no games.
[schedule] Saving schedule for 2025-12-09 to /Users/jasonqiu/EE547_NBA_Project/data/schedule_20251209.csv
[upload] /Users/jasonqiu/EE547_NBA_Project/data/schedule_20251209.csv -> s3://ee547-nba-project/datasets/nba_project/raw/schedule_20251209.csv
[schedule] Fetching schedule for 12/10/2025 (ET) ...
[schedule] GameHeader rows=2
[schedule] All games are NBA Cup / TBD / invalid teams -> treat as no games.
[schedule] Saving schedule for 2025-12-10 to /Users/jasonqiu/EE547_NBA_Project/data/schedule_20251210.csv
[upload] /Users/jasonqiu/EE547_NBA_Project/data/schedule_20251210.csv -> s3://ee547-nba-project/datasets/nba_project/raw/schedule_20251210.csv
Done daily crawl: player logs + yesterday games + next 5 days schedule (ET-based).
=== Running crawler at Sat Dec  6 19:15:00 PST 2025 ===
Using Python: /Users/jasonqiu/EE547_NBA_Project/venv/bin/python
PWD: /Users/jasonqiu/EE547_NBA_Project
[time] ET today=2025-12-06, yesterday=2025-12-05
[player logs] season=2025-26, date=12/05/2025 (ET) ...
[player logs] Raw rows: 269
[player logs] Saving to /Users/jasonqiu/EE547_NBA_Project/data/player_logs_daily_20251205.csv
[upload] /Users/jasonqiu/EE547_NBA_Project/data/player_logs_daily_20251205.csv -> s3://ee547-nba-project/datasets/nba_project/raw/player_logs_daily_20251205.csv
[games-from-players] built 12 games
[games] Saving yesterday games to /Users/jasonqiu/EE547_NBA_Project/data/games_yesterday_20251205.csv
[upload] /Users/jasonqiu/EE547_NBA_Project/data/games_yesterday_20251205.csv -> s3://ee547-nba-project/datasets/nba_project/raw/games_yesterday_20251205.csv
[schedule] Fetching schedule for 12/06/2025 (ET) ...
[schedule] GameHeader rows=7
[schedule] Saving schedule for 2025-12-06 to /Users/jasonqiu/EE547_NBA_Project/data/schedule_20251206.csv
[upload] /Users/jasonqiu/EE547_NBA_Project/data/schedule_20251206.csv -> s3://ee547-nba-project/datasets/nba_project/raw/schedule_20251206.csv
[schedule] Fetching schedule for 12/07/2025 (ET) ...
[schedule] GameHeader rows=7
[schedule] Saving schedule for 2025-12-07 to /Users/jasonqiu/EE547_NBA_Project/data/schedule_20251207.csv
[upload] /Users/jasonqiu/EE547_NBA_Project/data/schedule_20251207.csv -> s3://ee547-nba-project/datasets/nba_project/raw/schedule_20251207.csv
[schedule] Fetching schedule for 12/08/2025 (ET) ...
[schedule] GameHeader rows=3
[schedule] Saving schedule for 2025-12-08 to /Users/jasonqiu/EE547_NBA_Project/data/schedule_20251208.csv
[upload] /Users/jasonqiu/EE547_NBA_Project/data/schedule_20251208.csv -> s3://ee547-nba-project/datasets/nba_project/raw/schedule_20251208.csv
[schedule] Fetching schedule for 12/09/2025 (ET) ...
[schedule] GameHeader rows=2
[schedule] All games are NBA Cup / TBD / invalid teams -> treat as no games.
[schedule] Saving schedule for 2025-12-09 to /Users/jasonqiu/EE547_NBA_Project/data/schedule_20251209.csv
[upload] /Users/jasonqiu/EE547_NBA_Project/data/schedule_20251209.csv -> s3://ee547-nba-project/datasets/nba_project/raw/schedule_20251209.csv
[schedule] Fetching schedule for 12/10/2025 (ET) ...
[schedule] GameHeader rows=2
[schedule] All games are NBA Cup / TBD / invalid teams -> treat as no games.
[schedule] Saving schedule for 2025-12-10 to /Users/jasonqiu/EE547_NBA_Project/data/schedule_20251210.csv
[upload] /Users/jasonqiu/EE547_NBA_Project/data/schedule_20251210.csv -> s3://ee547-nba-project/datasets/nba_project/raw/schedule_20251210.csv
Done daily crawl: player logs + yesterday games + next 5 days schedule (ET-based).
=== Running crawler at Sat Dec  6 19:20:00 PST 2025 ===
Using Python: /Users/jasonqiu/EE547_NBA_Project/venv/bin/python
PWD: /Users/jasonqiu/EE547_NBA_Project
[time] ET today=2025-12-06, yesterday=2025-12-05
[player logs] season=2025-26, date=12/05/2025 (ET) ...
[player logs] Raw rows: 269
[player logs] Saving to /Users/jasonqiu/EE547_NBA_Project/data/player_logs_daily_20251205.csv
[upload] /Users/jasonqiu/EE547_NBA_Project/data/player_logs_daily_20251205.csv -> s3://ee547-nba-project/datasets/nba_project/raw/player_logs_daily_20251205.csv
[games-from-players] built 12 games
[games] Saving yesterday games to /Users/jasonqiu/EE547_NBA_Project/data/games_yesterday_20251205.csv
[upload] /Users/jasonqiu/EE547_NBA_Project/data/games_yesterday_20251205.csv -> s3://ee547-nba-project/datasets/nba_project/raw/games_yesterday_20251205.csv
[schedule] Fetching schedule for 12/06/2025 (ET) ...
[schedule] GameHeader rows=7
[schedule] Saving schedule for 2025-12-06 to /Users/jasonqiu/EE547_NBA_Project/data/schedule_20251206.csv
[upload] /Users/jasonqiu/EE547_NBA_Project/data/schedule_20251206.csv -> s3://ee547-nba-project/datasets/nba_project/raw/schedule_20251206.csv
[schedule] Fetching schedule for 12/07/2025 (ET) ...
[schedule] GameHeader rows=7
[schedule] Saving schedule for 2025-12-07 to /Users/jasonqiu/EE547_NBA_Project/data/schedule_20251207.csv
[upload] /Users/jasonqiu/EE547_NBA_Project/data/schedule_20251207.csv -> s3://ee547-nba-project/datasets/nba_project/raw/schedule_20251207.csv
[schedule] Fetching schedule for 12/08/2025 (ET) ...
[schedule] GameHeader rows=3
[schedule] Saving schedule for 2025-12-08 to /Users/jasonqiu/EE547_NBA_Project/data/schedule_20251208.csv
[upload] /Users/jasonqiu/EE547_NBA_Project/data/schedule_20251208.csv -> s3://ee547-nba-project/datasets/nba_project/raw/schedule_20251208.csv
[schedule] Fetching schedule for 12/09/2025 (ET) ...
[schedule] GameHeader rows=2
[schedule] All games are NBA Cup / TBD / invalid teams -> treat as no games.
[schedule] Saving schedule for 2025-12-09 to /Users/jasonqiu/EE547_NBA_Project/data/schedule_20251209.csv
[upload] /Users/jasonqiu/EE547_NBA_Project/data/schedule_20251209.csv -> s3://ee547-nba-project/datasets/nba_project/raw/schedule_20251209.csv
[schedule] Fetching schedule for 12/10/2025 (ET) ...
[schedule] GameHeader rows=2
[schedule] All games are NBA Cup / TBD / invalid teams -> treat as no games.
[schedule] Saving schedule for 2025-12-10 to /Users/jasonqiu/EE547_NBA_Project/data/schedule_20251210.csv
[upload] /Users/jasonqiu/EE547_NBA_Project/data/schedule_20251210.csv -> s3://ee547-nba-project/datasets/nba_project/raw/schedule_20251210.csv
Done daily crawl: player logs + yesterday games + next 5 days schedule (ET-based).
=== Running crawler at Sat Dec  6 19:25:00 PST 2025 ===
Using Python: /Users/jasonqiu/EE547_NBA_Project/venv/bin/python
PWD: /Users/jasonqiu/EE547_NBA_Project
[time] ET today=2025-12-06, yesterday=2025-12-05
[player logs] season=2025-26, date=12/05/2025 (ET) ...
[player logs] Raw rows: 269
[player logs] Saving to /Users/jasonqiu/EE547_NBA_Project/data/player_logs_daily_20251205.csv
[upload] /Users/jasonqiu/EE547_NBA_Project/data/player_logs_daily_20251205.csv -> s3://ee547-nba-project/datasets/nba_project/raw/player_logs_daily_20251205.csv
[games-from-players] built 12 games
[games] Saving yesterday games to /Users/jasonqiu/EE547_NBA_Project/data/games_yesterday_20251205.csv
[upload] /Users/jasonqiu/EE547_NBA_Project/data/games_yesterday_20251205.csv -> s3://ee547-nba-project/datasets/nba_project/raw/games_yesterday_20251205.csv
[schedule] Fetching schedule for 12/06/2025 (ET) ...
[schedule] GameHeader rows=7
[schedule] Saving schedule for 2025-12-06 to /Users/jasonqiu/EE547_NBA_Project/data/schedule_20251206.csv
[upload] /Users/jasonqiu/EE547_NBA_Project/data/schedule_20251206.csv -> s3://ee547-nba-project/datasets/nba_project/raw/schedule_20251206.csv
[schedule] Fetching schedule for 12/07/2025 (ET) ...
[schedule] GameHeader rows=7
[schedule] Saving schedule for 2025-12-07 to /Users/jasonqiu/EE547_NBA_Project/data/schedule_20251207.csv
[upload] /Users/jasonqiu/EE547_NBA_Project/data/schedule_20251207.csv -> s3://ee547-nba-project/datasets/nba_project/raw/schedule_20251207.csv
[schedule] Fetching schedule for 12/08/2025 (ET) ...
[schedule] GameHeader rows=3
[schedule] Saving schedule for 2025-12-08 to /Users/jasonqiu/EE547_NBA_Project/data/schedule_20251208.csv
[upload] /Users/jasonqiu/EE547_NBA_Project/data/schedule_20251208.csv -> s3://ee547-nba-project/datasets/nba_project/raw/schedule_20251208.csv
[schedule] Fetching schedule for 12/09/2025 (ET) ...
[schedule] GameHeader rows=2
[schedule] All games are NBA Cup / TBD / invalid teams -> treat as no games.
[schedule] Saving schedule for 2025-12-09 to /Users/jasonqiu/EE547_NBA_Project/data/schedule_20251209.csv
[upload] /Users/jasonqiu/EE547_NBA_Project/data/schedule_20251209.csv -> s3://ee547-nba-project/datasets/nba_project/raw/schedule_20251209.csv
[schedule] Fetching schedule for 12/10/2025 (ET) ...
[schedule] GameHeader rows=2
[schedule] All games are NBA Cup / TBD / invalid teams -> treat as no games.
[schedule] Saving schedule for 2025-12-10 to /Users/jasonqiu/EE547_NBA_Project/data/schedule_20251210.csv
[upload] /Users/jasonqiu/EE547_NBA_Project/data/schedule_20251210.csv -> s3://ee547-nba-project/datasets/nba_project/raw/schedule_20251210.csv
Done daily crawl: player logs + yesterday games + next 5 days schedule (ET-based).
=== Running crawler at Sat Dec  6 19:30:00 PST 2025 ===
Using Python: /Users/jasonqiu/EE547_NBA_Project/venv/bin/python
PWD: /Users/jasonqiu/EE547_NBA_Project
[time] ET today=2025-12-06, yesterday=2025-12-05
[player logs] season=2025-26, date=12/05/2025 (ET) ...
[player logs] Raw rows: 269
[player logs] Saving to /Users/jasonqiu/EE547_NBA_Project/data/player_logs_daily_20251205.csv
[upload] /Users/jasonqiu/EE547_NBA_Project/data/player_logs_daily_20251205.csv -> s3://ee547-nba-project/datasets/nba_project/raw/player_logs_daily_20251205.csv
[games-from-players] built 12 games
[games] Saving yesterday games to /Users/jasonqiu/EE547_NBA_Project/data/games_yesterday_20251205.csv
[upload] /Users/jasonqiu/EE547_NBA_Project/data/games_yesterday_20251205.csv -> s3://ee547-nba-project/datasets/nba_project/raw/games_yesterday_20251205.csv
[schedule] Fetching schedule for 12/06/2025 (ET) ...
[schedule] GameHeader rows=7
[schedule] Saving schedule for 2025-12-06 to /Users/jasonqiu/EE547_NBA_Project/data/schedule_20251206.csv
[upload] /Users/jasonqiu/EE547_NBA_Project/data/schedule_20251206.csv -> s3://ee547-nba-project/datasets/nba_project/raw/schedule_20251206.csv
[schedule] Fetching schedule for 12/07/2025 (ET) ...
[schedule] GameHeader rows=7
[schedule] Saving schedule for 2025-12-07 to /Users/jasonqiu/EE547_NBA_Project/data/schedule_20251207.csv
[upload] /Users/jasonqiu/EE547_NBA_Project/data/schedule_20251207.csv -> s3://ee547-nba-project/datasets/nba_project/raw/schedule_20251207.csv
[schedule] Fetching schedule for 12/08/2025 (ET) ...
[schedule] GameHeader rows=3
[schedule] Saving schedule for 2025-12-08 to /Users/jasonqiu/EE547_NBA_Project/data/schedule_20251208.csv
[upload] /Users/jasonqiu/EE547_NBA_Project/data/schedule_20251208.csv -> s3://ee547-nba-project/datasets/nba_project/raw/schedule_20251208.csv
[schedule] Fetching schedule for 12/09/2025 (ET) ...
[schedule] GameHeader rows=2
[schedule] All games are NBA Cup / TBD / invalid teams -> treat as no games.
[schedule] Saving schedule for 2025-12-09 to /Users/jasonqiu/EE547_NBA_Project/data/schedule_20251209.csv
[upload] /Users/jasonqiu/EE547_NBA_Project/data/schedule_20251209.csv -> s3://ee547-nba-project/datasets/nba_project/raw/schedule_20251209.csv
[schedule] Fetching schedule for 12/10/2025 (ET) ...
[schedule] GameHeader rows=2
[schedule] All games are NBA Cup / TBD / invalid teams -> treat as no games.
[schedule] Saving schedule for 2025-12-10 to /Users/jasonqiu/EE547_NBA_Project/data/schedule_20251210.csv
[upload] /Users/jasonqiu/EE547_NBA_Project/data/schedule_20251210.csv -> s3://ee547-nba-project/datasets/nba_project/raw/schedule_20251210.csv
Done daily crawl: player logs + yesterday games + next 5 days schedule (ET-based).
