=== Running crawler at Mon Dec  8 01:00:00 PST 2025 ===
Using Python: /Users/jasonqiu/EE547_NBA_Project/venv/bin/python
PWD: /Users/jasonqiu/EE547_NBA_Project
[time] ET today=2025-12-08, yesterday=2025-12-07
[player logs] season=2025-26, date=12/07/2025 (ET) ...
[player logs] Raw rows: 154
[player logs] Saving to /Users/jasonqiu/EE547_NBA_Project/data/player_logs_daily_20251207.csv
[upload] /Users/jasonqiu/EE547_NBA_Project/data/player_logs_daily_20251207.csv -> s3://ee547-nba-project/datasets/nba_project/raw/player_logs_daily_20251207.csv
[games-from-players] built 7 games
[games] Saving yesterday games to /Users/jasonqiu/EE547_NBA_Project/data/games_yesterday_20251207.csv
[upload] /Users/jasonqiu/EE547_NBA_Project/data/games_yesterday_20251207.csv -> s3://ee547-nba-project/datasets/nba_project/raw/games_yesterday_20251207.csv
[schedule] Fetching schedule for 12/08/2025 (ET) ...
[schedule] GameHeader rows=3
[schedule] Saving schedule for 2025-12-08 to /Users/jasonqiu/EE547_NBA_Project/data/schedule_20251208.csv
[upload] /Users/jasonqiu/EE547_NBA_Project/data/schedule_20251208.csv -> s3://ee547-nba-project/datasets/nba_project/raw/schedule_20251208.csv
[schedule] Fetching schedule for 12/09/2025 (ET) ...
[schedule] GameHeader rows=2
[schedule] All games are NBA Cup / TBD / invalid teams -> treat as no games.
[schedule] Saving schedule for 2025-12-09 to /Users/jasonqiu/EE547_NBA_Project/data/schedule_20251209.csv
[upload] /Users/jasonqiu/EE547_NBA_Project/data/schedule_20251209.csv -> s3://ee547-nba-project/datasets/nba_project/raw/schedule_20251209.csv
[schedule] Fetching schedule for 12/10/2025 (ET) ...
[schedule] GameHeader rows=2
[schedule] All games are NBA Cup / TBD / invalid teams -> treat as no games.
[schedule] Saving schedule for 2025-12-10 to /Users/jasonqiu/EE547_NBA_Project/data/schedule_20251210.csv
[upload] /Users/jasonqiu/EE547_NBA_Project/data/schedule_20251210.csv -> s3://ee547-nba-project/datasets/nba_project/raw/schedule_20251210.csv
[schedule] Fetching schedule for 12/11/2025 (ET) ...
[schedule] GameHeader rows=0
[schedule] Saving schedule for 2025-12-11 to /Users/jasonqiu/EE547_NBA_Project/data/schedule_20251211.csv
[upload] /Users/jasonqiu/EE547_NBA_Project/data/schedule_20251211.csv -> s3://ee547-nba-project/datasets/nba_project/raw/schedule_20251211.csv
[schedule] Fetching schedule for 12/12/2025 (ET) ...
[schedule] GameHeader rows=0
[schedule] Saving schedule for 2025-12-12 to /Users/jasonqiu/EE547_NBA_Project/data/schedule_20251212.csv
[upload] /Users/jasonqiu/EE547_NBA_Project/data/schedule_20251212.csv -> s3://ee547-nba-project/datasets/nba_project/raw/schedule_20251212.csv
Done daily crawl: player logs + yesterday games + next 5 days schedule (ET-based).
