[run_daily_crawler.sh] started at Tue Dec  2 17:10:01 PST 2025
[run_daily_crawler.sh] finished at Tue Dec  2 17:10:04 PST 2025
[run_daily_crawler.sh] started at Tue Dec  2 17:10:15 PST 2025
[run_daily_crawler.sh] finished at Tue Dec  2 17:10:16 PST 2025
[run_daily_crawler.sh] started at Tue Dec  2 17:15:00 PST 2025
[run_daily_crawler.sh] finished at Tue Dec  2 17:15:04 PST 2025
[run_daily_crawler.sh] started at Tue Dec  2 17:20:00 PST 2025
[run_daily_crawler.sh] finished at Tue Dec  2 17:20:04 PST 2025
[run_daily_crawler.sh] started at Tue Dec  2 17:25:00 PST 2025
[run_daily_crawler.sh] finished at Tue Dec  2 17:25:03 PST 2025
[run_daily_crawler.sh] started at Tue Dec  2 18:30:38 PST 2025
[run_daily_crawler.sh] started at Tue Dec  2 18:35:25 PST 2025
[run_daily_crawler.sh] finished at Tue Dec  2 18:35:42 PST 2025
[run_daily_crawler.sh] started at Tue Dec  2 18:55:00 PST 2025
[run_daily_crawler.sh] finished at Tue Dec  2 18:55:03 PST 2025
[run_daily_crawler.sh] started at Tue Dec  2 19:00:00 PST 2025
[run_daily_crawler.sh] started at Tue Dec  2 19:08:05 PST 2025
[run_daily_crawler.sh] started at Tue Dec  2 19:10:01 PST 2025
[run_daily_crawler.sh] finished at Tue Dec  2 19:10:04 PST 2025
[run_daily_crawler.sh] started at Tue Dec  2 20:30:00 PST 2025
[run_daily_crawler.sh] finished at Tue Dec  2 20:30:09 PST 2025
[run_daily_crawler.sh] started at Tue Dec  2 20:35:00 PST 2025
[run_daily_crawler.sh] finished at Tue Dec  2 20:35:04 PST 2025
[run_daily_crawler.sh] started at Tue Dec  2 20:40:00 PST 2025
[run_daily_crawler.sh] finished at Tue Dec  2 20:40:04 PST 2025
[run_daily_crawler.sh] started at Tue Dec  2 20:45:00 PST 2025
[run_daily_crawler.sh] finished at Tue Dec  2 20:45:04 PST 2025
[run_daily_crawler.sh] started at Tue Dec  2 20:50:00 PST 2025
[run_daily_crawler.sh] finished at Tue Dec  2 20:50:06 PST 2025
[run_daily_crawler.sh] started at Tue Dec  2 20:55:00 PST 2025
[run_daily_crawler.sh] finished at Tue Dec  2 20:55:04 PST 2025
[run_daily_crawler.sh] started at Tue Dec  2 21:00:01 PST 2025
[run_daily_crawler.sh] finished at Tue Dec  2 21:00:11 PST 2025
[run_daily_crawler.sh] started at Tue Dec  2 21:20:00 PST 2025
[run_daily_crawler.sh] finished at Tue Dec  2 21:20:05 PST 2025
[run_daily_crawler.sh] started at Tue Dec  2 21:55:00 PST 2025
[run_daily_crawler.sh] finished at Tue Dec  2 21:55:05 PST 2025
[run_daily_crawler.sh] started at Tue Dec  2 23:05:11 PST 2025
[run_daily_crawler.sh] finished at Tue Dec  2 23:05:19 PST 2025
[run_daily_crawler.sh] started at Tue Dec  2 23:43:03 PST 2025
[run_daily_crawler.sh] finished at Tue Dec  2 23:43:11 PST 2025
[run_daily_crawler.sh] started at Tue Dec  2 23:46:06 PST 2025
[run_daily_crawler.sh] finished at Tue Dec  2 23:46:10 PST 2025
[run_daily_crawler.sh] started at Wed Dec  3 00:55:00 PST 2025
[run_daily_crawler.sh] finished at Wed Dec  3 00:55:05 PST 2025
[run_daily_crawler.sh] started at Wed Dec  3 01:49:27 PST 2025
[run_daily_crawler.sh] finished at Wed Dec  3 01:49:32 PST 2025
[run_daily_crawler.sh] started at Wed Dec  3 01:50:00 PST 2025
[run_daily_crawler.sh] finished at Wed Dec  3 01:50:04 PST 2025
[run_daily_crawler.sh] started at Wed Dec  3 03:35:00 PST 2025
[run_daily_crawler.sh] finished at Wed Dec  3 03:35:06 PST 2025
[run_daily_crawler.sh] started at Wed Dec  3 07:25:00 PST 2025
[run_daily_crawler.sh] finished at Wed Dec  3 07:40:46 PST 2025
[run_daily_crawler.sh] started at Wed Dec  3 07:49:08 PST 2025
[run_daily_crawler.sh] finished at Wed Dec  3 07:49:12 PST 2025
[run_daily_crawler.sh] started at Wed Dec  3 08:40:00 PST 2025
[run_daily_crawler.sh] finished at Wed Dec  3 08:40:05 PST 2025
[run_daily_crawler.sh] started at Wed Dec  3 08:50:33 PST 2025
[run_daily_crawler.sh] finished at Wed Dec  3 08:50:37 PST 2025
[run_daily_crawler.sh] started at Wed Dec  3 08:55:00 PST 2025
[run_daily_crawler.sh] finished at Wed Dec  3 08:55:04 PST 2025
[run_daily_crawler.sh] started at Wed Dec  3 09:50:41 PST 2025
[run_daily_crawler.sh] finished at Wed Dec  3 09:50:46 PST 2025
[run_daily_crawler.sh] started at Wed Dec  3 11:25:00 PST 2025
[run_daily_crawler.sh] finished at Wed Dec  3 11:25:06 PST 2025
[run_daily_crawler.sh] started at Wed Dec  3 12:53:19 PST 2025
[run_daily_crawler.sh] finished at Wed Dec  3 12:53:22 PST 2025
[run_daily_crawler.sh] started at Wed Dec  3 12:55:14 PST 2025
[run_daily_crawler.sh] finished at Wed Dec  3 12:55:28 PST 2025
[run_daily_crawler.sh] started at Wed Dec  3 13:39:10 PST 2025
[run_daily_crawler.sh] finished at Wed Dec  3 13:39:14 PST 2025
[run_daily_crawler.sh] started at Wed Dec  3 13:40:00 PST 2025
[run_daily_crawler.sh] finished at Wed Dec  3 13:40:02 PST 2025
[run_daily_crawler.sh] started at Wed Dec  3 13:45:00 PST 2025
[run_daily_crawler.sh] finished at Wed Dec  3 13:45:03 PST 2025
[run_daily_crawler.sh] started at Sat Dec  6 17:52:30 PST 2025
[run_daily_crawler.sh] started at Sat Dec  6 18:00:23 PST 2025
[run_daily_crawler.sh] started at Sat Dec  6 18:11:33 PST 2025
[run_daily_crawler.sh] started at Sat Dec  6 18:15:00 PST 2025
[run_daily_crawler.sh] started at Sat Dec  6 18:20:00 PST 2025
[run_daily_crawler.sh] started at Sat Dec  6 18:25:00 PST 2025
[run_daily_crawler.sh] started at Sat Dec  6 18:30:00 PST 2025
[run_daily_crawler.sh] started at Sat Dec  6 18:35:00 PST 2025
[run_daily_crawler.sh] finished at Sat Dec  6 18:35:04 PST 2025
[run_daily_crawler.sh] started at Sat Dec  6 18:40:00 PST 2025
[run_daily_crawler.sh] finished at Sat Dec  6 18:40:05 PST 2025
[run_daily_crawler.sh] started at Sat Dec  6 18:45:01 PST 2025
[run_daily_crawler.sh] finished at Sat Dec  6 18:45:05 PST 2025
[run_daily_crawler.sh] started at Sat Dec  6 18:50:00 PST 2025
[run_daily_crawler.sh] finished at Sat Dec  6 18:50:05 PST 2025
[run_daily_crawler.sh] started at Sat Dec  6 18:55:00 PST 2025
[run_daily_crawler.sh] finished at Sat Dec  6 18:55:04 PST 2025
[run_daily_crawler.sh] started at Sat Dec  6 19:00:00 PST 2025
[run_daily_crawler.sh] finished at Sat Dec  6 19:00:05 PST 2025
[run_daily_crawler.sh] started at Sat Dec  6 19:05:00 PST 2025
[run_daily_crawler.sh] finished at Sat Dec  6 19:05:04 PST 2025
[run_daily_crawler.sh] started at Sat Dec  6 19:10:01 PST 2025
[run_daily_crawler.sh] finished at Sat Dec  6 19:10:05 PST 2025
[run_daily_crawler.sh] started at Sat Dec  6 19:15:00 PST 2025
[run_daily_crawler.sh] finished at Sat Dec  6 19:15:04 PST 2025
[run_daily_crawler.sh] started at Sat Dec  6 19:20:00 PST 2025
[run_daily_crawler.sh] finished at Sat Dec  6 19:20:05 PST 2025
[run_daily_crawler.sh] started at Sat Dec  6 19:25:00 PST 2025
[run_daily_crawler.sh] finished at Sat Dec  6 19:25:04 PST 2025
[run_daily_crawler.sh] started at Sat Dec  6 19:30:00 PST 2025
[run_daily_crawler.sh] finished at Sat Dec  6 19:30:05 PST 2025
[run_daily_crawler.sh] started at Sat Dec  6 19:35:00 PST 2025
[run_daily_crawler.sh] finished at Sat Dec  6 19:35:05 PST 2025
[run_daily_crawler.sh] started at Sat Dec  6 19:40:00 PST 2025
[run_daily_crawler.sh] finished at Sat Dec  6 19:40:05 PST 2025
[run_daily_crawler.sh] started at Sat Dec  6 19:45:00 PST 2025
[run_daily_crawler.sh] finished at Sat Dec  6 19:45:05 PST 2025
[run_daily_crawler.sh] started at Sat Dec  6 19:50:00 PST 2025
[run_daily_crawler.sh] finished at Sat Dec  6 19:50:04 PST 2025
[run_daily_crawler.sh] started at Sat Dec  6 19:55:00 PST 2025
[run_daily_crawler.sh] finished at Sat Dec  6 19:55:03 PST 2025
